// Vitest Snapshot v1

exports[`tailwind > applying to an ember app > works via CLI 1`] = `
" .gitignore       | 3 +++
 app/index.html   | 1 +
 package.json     | 9 ++++++---
 tests/index.html | 1 +
 4 files changed, 11 insertions(+), 3 deletions(-)"
`;

exports[`tailwind > applying to an ember app > works via CLI 2`] = `
"diff --git a/.gitignore b/.gitignore
index f1e859b..e2943c0 100644
--- a/.gitignore
+++ b/.gitignore
@@ -1,6 +1,9 @@
 # See https://help.github.com/ignore-files/ for more about ignoring files.
 
+
 # compiled output
+public/assets/tailwind.css
+
 /dist/
 /tmp/
 
diff --git a/app/index.html b/app/index.html
index 90cb9a3..d869700 100644
--- a/app/index.html
+++ b/app/index.html
@@ -8,6 +8,7 @@
 
     {{content-for \\"head\\"}}
 
+    <link integrity=\\"\\" rel=\\"stylesheet\\" href=\\"{{rootURL}}assets/tailwind.css\\">
     <link integrity=\\"\\" rel=\\"stylesheet\\" href=\\"{{rootURL}}assets/vendor.css\\">
     <link integrity=\\"\\" rel=\\"stylesheet\\" href=\\"{{rootURL}}assets/test-app.css\\">
 

package.json
{
  \\"name\\": \\"test-app\\",
  \\"version\\": \\"0.0.0\\",
  \\"private\\": true,
  \\"description\\": \\"Small description for test-app goes here\\",
  \\"repository\\": \\"\\",
  \\"license\\": \\"MIT\\",
  \\"author\\": \\"\\",
  \\"directories\\": {
    \\"doc\\": \\"doc\\",
    \\"test\\": \\"tests\\"
  },
  \\"scripts\\": {
    \\"build\\": \\"npm run tailwind:build && ember build --environment=production\\",
    \\"lint\\": \\"npm-run-all --aggregate-output --continue-on-error --parallel \\\\\\"lint:!(fix)\\\\\\"\\",
    \\"lint:fix\\": \\"npm-run-all --aggregate-output --continue-on-error --parallel lint:*:fix\\",
    \\"lint:hbs\\": \\"ember-template-lint .\\",
    \\"lint:hbs:fix\\": \\"ember-template-lint . --fix\\",
    \\"lint:js\\": \\"eslint . --cache\\",
    \\"lint:js:fix\\": \\"eslint . --fix\\",
    \\"start\\": \\"ember serve\\",
    \\"test\\": \\"npm-run-all lint test:*\\",
    \\"test:ember\\": \\"ember test\\",
    \\"tailwind:build\\": \\"npx tailwindcss -c ./config/tailwind/tailwind.config.js -i ./config/tailwind/tailwind-input.css -o ./public/assets/tailwind.css\\",
    \\"tailwind:watch\\": \\"npx tailwindcss -c ./config/tailwind/tailwind.config.js -i ./config/tailwind/tailwind-input.css -o ./public/assets/tailwind.css --watch\\"
  },
  \\"devDependencies\\": [
    \\"@ember/optional-features\\",
    \\"@ember/test-helpers\\",
    \\"@glimmer/component\\",
    \\"@glimmer/tracking\\",
    \\"babel-eslint\\",
    \\"broccoli-asset-rev\\",
    \\"ember-auto-import\\",
    \\"ember-cli\\",
    \\"ember-cli-app-version\\",
    \\"ember-cli-babel\\",
    \\"ember-cli-dependency-checker\\",
    \\"ember-cli-htmlbars\\",
    \\"ember-cli-inject-live-reload\\",
    \\"ember-cli-sri\\",
    \\"ember-cli-terser\\",
    \\"ember-data\\",
    \\"ember-export-application-global\\",
    \\"ember-fetch\\",
    \\"ember-load-initializers\\",
    \\"ember-page-title\\",
    \\"ember-qunit\\",
    \\"ember-resolver\\",
    \\"ember-source\\",
    \\"ember-template-lint\\",
    \\"ember-welcome-page\\",
    \\"eslint\\",
    \\"eslint-config-prettier\\",
    \\"eslint-plugin-ember\\",
    \\"eslint-plugin-node\\",
    \\"eslint-plugin-prettier\\",
    \\"eslint-plugin-qunit\\",
    \\"loader.js\\",
    \\"npm-run-all\\",
    \\"prettier\\",
    \\"qunit\\",
    \\"qunit-dom\\",
    \\"webpack\\",
    \\"tailwindcss\\"
  ],
  \\"engines\\": [
    \\"node\\"
  ],
  \\"ember\\": {
    \\"edition\\": \\"octane\\"
  }
}
diff --git a/tests/index.html b/tests/index.html
index e4b2e69..fbdb546 100644
--- a/tests/index.html
+++ b/tests/index.html
@@ -9,6 +9,7 @@
     {{content-for \\"head\\"}}
     {{content-for \\"test-head\\"}}
 
+    <link rel=\\"stylesheet\\" href=\\"{{rootURL}}assets/tailwind.css\\">
     <link rel=\\"stylesheet\\" href=\\"{{rootURL}}assets/vendor.css\\">
     <link rel=\\"stylesheet\\" href=\\"{{rootURL}}assets/test-app.css\\">
     <link rel=\\"stylesheet\\" href=\\"{{rootURL}}assets/test-support.css\\">
"
`;
