// Vitest Snapshot v1, https://vitest.dev/guide/snapshot.html

exports[`tailwind3-vite > applying to an ember app > works via CLI 1`] = `
" app/app.js                | 2 ++
 app/styles/app.css        | 3 +++
 package.json              | 3 +++
 postcss.config.cjs (new)  | 8 ++++++++
 tailwind.config.cjs (new) | 9 +++++++++
 5 files changed, 25 insertions(+)"
`;

exports[`tailwind3-vite > applying to an ember app > works via CLI 2`] = `
"diff --git a/app/app.js b/app/app.js
index a3c0402..57368f0 100644
--- a/app/app.js
+++ b/app/app.js
@@ -4,6 +4,8 @@ import Resolver from 'ember-resolver';
 import loadInitializers from 'ember-load-initializers';
 import config from './config/environment';
 
+import './styles/app.css'
+
 export default class App extends Application {
   modulePrefix = config.modulePrefix;
   podModulePrefix = config.podModulePrefix;
diff --git a/app/styles/app.css b/app/styles/app.css
index 2763afa..192268f 100644
--- a/app/styles/app.css
+++ b/app/styles/app.css
@@ -1 +1,4 @@
 /* Ember supports plain CSS out of the box. More info: https://cli.emberjs.com/release/advanced-use/stylesheets/ */
+@tailwind base;
+@tailwind components;
+@tailwind utilities

package.json
{
  \\"name\\": \\"test-app\\",
  \\"version\\": \\"0.0.0\\",
  \\"private\\": true,
  \\"description\\": \\"Small description for test-app goes here\\",
  \\"repository\\": \\"\\",
  \\"license\\": \\"MIT\\",
  \\"author\\": \\"\\",
  \\"directories\\": {
    \\"doc\\": \\"doc\\",
    \\"test\\": \\"tests\\"
  },
  \\"scripts\\": {
    \\"build\\": \\"vite build\\",
    \\"lint\\": \\"concurrently \\\\\\"npm:lint:*(!fix)\\\\\\" --names \\\\\\"lint:\\\\\\" --prefixColors auto\\",
    \\"lint:css\\": \\"stylelint \\\\\\"**/*.css\\\\\\"\\",
    \\"lint:css:fix\\": \\"concurrently \\\\\\"npm:lint:css -- --fix\\\\\\"\\",
    \\"lint:fix\\": \\"concurrently \\\\\\"npm:lint:*:fix\\\\\\" --names \\\\\\"fix:\\\\\\" --prefixColors auto\\",
    \\"lint:hbs\\": \\"ember-template-lint .\\",
    \\"lint:hbs:fix\\": \\"ember-template-lint . --fix\\",
    \\"lint:js\\": \\"eslint . --cache\\",
    \\"lint:js:fix\\": \\"eslint . --fix\\",
    \\"start\\": \\"vite\\",
    \\"test\\": \\"concurrently \\\\\\"npm:lint\\\\\\" \\\\\\"npm:test:*\\\\\\" --names \\\\\\"lint,test:\\\\\\" --prefixColors auto\\",
    \\"test:ember\\": \\"vite build --mode test && ember test --path dist\\"
  },
  \\"devDependencies\\": [
    \\"@babel/core\\",
    \\"@babel/eslint-parser\\",
    \\"@babel/plugin-transform-runtime\\",
    \\"@babel/runtime\\",
    \\"@ember/optional-features\\",
    \\"@ember/string\\",
    \\"@ember/test-helpers\\",
    \\"@embroider/compat\\",
    \\"@embroider/config-meta-loader\\",
    \\"@embroider/core\\",
    \\"@embroider/test-setup\\",
    \\"@embroider/vite\\",
    \\"@eslint/js\\",
    \\"@glimmer/component\\",
    \\"@glimmer/tracking\\",
    \\"@rollup/plugin-babel\\",
    \\"autoprefixer\\",
    \\"babel-plugin-ember-template-compilation\\",
    \\"concurrently\\",
    \\"decorator-transforms\\",
    \\"ember-auto-import\\",
    \\"ember-cli\\",
    \\"ember-cli-babel\\",
    \\"ember-cli-htmlbars\\",
    \\"ember-data\\",
    \\"ember-load-initializers\\",
    \\"ember-modifier\\",
    \\"ember-page-title\\",
    \\"ember-qunit\\",
    \\"ember-resolver\\",
    \\"ember-source\\",
    \\"ember-template-imports\\",
    \\"ember-template-lint\\",
    \\"ember-welcome-page\\",
    \\"eslint\\",
    \\"eslint-config-prettier\\",
    \\"eslint-plugin-ember\\",
    \\"eslint-plugin-n\\",
    \\"eslint-plugin-prettier\\",
    \\"eslint-plugin-qunit\\",
    \\"globals\\",
    \\"loader.js\\",
    \\"postcss\\",
    \\"prettier\\",
    \\"prettier-plugin-ember-template-tag\\",
    \\"qunit\\",
    \\"qunit-dom\\",
    \\"stylelint\\",
    \\"stylelint-config-standard\\",
    \\"stylelint-prettier\\",
    \\"tailwindcss\\",
    \\"tracked-built-ins\\",
    \\"vite\\"
  ],
  \\"engines\\": [
    \\"node\\"
  ],
  \\"ember\\": {
    \\"edition\\": \\"octane\\"
  },
  \\"ember-addon\\": {
    \\"type\\": \\"app\\",
    \\"version\\": 2
  },
  \\"exports\\": {
    \\"./tests/*\\": \\"./tests/*\\",
    \\"./*\\": \\"./app/*\\"
  }
}
diff --git a/postcss.config.cjs b/postcss.config.cjs
new file mode 100644
index 0000000..5f067a0
--- /dev/null
+++ b/postcss.config.cjs
@@ -0,0 +1,8 @@
+module.exports = {
+  plugins: {
+    tailwindcss: {
+      config: \\"tailwind.config.cjs\\"
+    },
+    autoprefixer: {},
+  },
+}
diff --git a/tailwind.config.cjs b/tailwind.config.cjs
new file mode 100644
index 0000000..e5e907d
--- /dev/null
+++ b/tailwind.config.cjs
@@ -0,0 +1,9 @@
+/** @type {import('tailwindcss').Config} */
+module.exports = {
+  content: [\\"index.html\\", \\"app/**/*.{js,ts,hbs,gjs,gts,html}\\"],
+  theme: {
+    extend: {},
+  },
+  plugins: [],
+}
+
"
`;
