// Vitest Snapshot v1, https://vitest.dev/guide/snapshot.html

exports[`tailwind4-vite > applying to an ember app > works via CLI 1`] = `
" app/app.js         |  2 ++
 app/styles/app.css |  1 +
 package.json       |  2 ++
 vite.config.mjs    | 15 ++++++---------
 4 files changed, 11 insertions(+), 9 deletions(-)"
`;

exports[`tailwind4-vite > applying to an ember app > works via CLI 2`] = `
"diff --git a/app/app.js b/app/app.js
index a3c0402..57368f0 100644
--- a/app/app.js
+++ b/app/app.js
@@ -4,6 +4,8 @@ import Resolver from 'ember-resolver';
 import loadInitializers from 'ember-load-initializers';
 import config from './config/environment';
 
+import './styles/app.css'
+
 export default class App extends Application {
   modulePrefix = config.modulePrefix;
   podModulePrefix = config.podModulePrefix;
diff --git a/app/styles/app.css b/app/styles/app.css
index 2763afa..75fb7d1 100644
--- a/app/styles/app.css
+++ b/app/styles/app.css
@@ -1 +1,2 @@
 /* Ember supports plain CSS out of the box. More info: https://cli.emberjs.com/release/advanced-use/stylesheets/ */
+@import \\"tailwindcss\\"

package.json
{
  \\"name\\": \\"test-app\\",
  \\"version\\": \\"0.0.0\\",
  \\"private\\": true,
  \\"description\\": \\"Small description for test-app goes here\\",
  \\"repository\\": \\"\\",
  \\"license\\": \\"MIT\\",
  \\"author\\": \\"\\",
  \\"directories\\": {
    \\"doc\\": \\"doc\\",
    \\"test\\": \\"tests\\"
  },
  \\"scripts\\": {
    \\"build\\": \\"vite build\\",
    \\"format\\": \\"prettier . --cache --write\\",
    \\"lint\\": \\"concurrently \\\\\\"npm:lint:*(!fix)\\\\\\" --names \\\\\\"lint:\\\\\\" --prefixColors auto\\",
    \\"lint:css\\": \\"stylelint \\\\\\"**/*.css\\\\\\"\\",
    \\"lint:css:fix\\": \\"concurrently \\\\\\"npm:lint:css -- --fix\\\\\\"\\",
    \\"lint:fix\\": \\"concurrently \\\\\\"npm:lint:*:fix\\\\\\" --names \\\\\\"fix:\\\\\\" --prefixColors auto && npm run format\\",
    \\"lint:format\\": \\"prettier . --cache --check\\",
    \\"lint:hbs\\": \\"ember-template-lint .\\",
    \\"lint:hbs:fix\\": \\"ember-template-lint . --fix\\",
    \\"lint:js\\": \\"eslint . --cache\\",
    \\"lint:js:fix\\": \\"eslint . --fix\\",
    \\"start\\": \\"vite\\",
    \\"test\\": \\"concurrently \\\\\\"npm:lint\\\\\\" \\\\\\"npm:test:*\\\\\\" --names \\\\\\"lint,test:\\\\\\" --prefixColors auto\\",
    \\"test:ember\\": \\"vite build --mode test && ember test --path dist\\"
  },
  \\"devDependencies\\": [
    \\"@babel/core\\",
    \\"@babel/eslint-parser\\",
    \\"@babel/plugin-transform-runtime\\",
    \\"@babel/runtime\\",
    \\"@ember/optional-features\\",
    \\"@ember/string\\",
    \\"@ember/test-helpers\\",
    \\"@embroider/compat\\",
    \\"@embroider/config-meta-loader\\",
    \\"@embroider/core\\",
    \\"@embroider/macros\\",
    \\"@embroider/router\\",
    \\"@embroider/vite\\",
    \\"@eslint/js\\",
    \\"@glimmer/component\\",
    \\"@glimmer/tracking\\",
    \\"@rollup/plugin-babel\\",
    \\"@tailwindcss/vite\\",
    \\"babel-plugin-ember-template-compilation\\",
    \\"concurrently\\",
    \\"decorator-transforms\\",
    \\"ember-auto-import\\",
    \\"ember-cli\\",
    \\"ember-cli-babel\\",
    \\"ember-cli-deprecation-workflow\\",
    \\"ember-cli-htmlbars\\",
    \\"ember-data\\",
    \\"ember-load-initializers\\",
    \\"ember-modifier\\",
    \\"ember-page-title\\",
    \\"ember-qunit\\",
    \\"ember-resolver\\",
    \\"ember-source\\",
    \\"ember-template-imports\\",
    \\"ember-template-lint\\",
    \\"ember-welcome-page\\",
    \\"eslint\\",
    \\"eslint-config-prettier\\",
    \\"eslint-plugin-ember\\",
    \\"eslint-plugin-n\\",
    \\"eslint-plugin-qunit\\",
    \\"globals\\",
    \\"prettier\\",
    \\"prettier-plugin-ember-template-tag\\",
    \\"qunit\\",
    \\"qunit-dom\\",
    \\"stylelint\\",
    \\"stylelint-config-standard\\",
    \\"tailwindcss\\",
    \\"tracked-built-ins\\",
    \\"vite\\"
  ],
  \\"engines\\": [
    \\"node\\"
  ],
  \\"ember\\": {
    \\"edition\\": \\"octane\\"
  },
  \\"ember-addon\\": {
    \\"type\\": \\"app\\",
    \\"version\\": 2
  },
  \\"exports\\": {
    \\"./tests/*\\": \\"./tests/*\\",
    \\"./*\\": \\"./app/*\\"
  }
}
diff --git a/vite.config.mjs b/vite.config.mjs
index 219253d..930b8be 100644
--- a/vite.config.mjs
+++ b/vite.config.mjs
@@ -1,15 +1,12 @@
+import tailwindcss from \\"@tailwindcss/vite\\";
 import { defineConfig } from 'vite';
 import { extensions, classicEmberSupport, ember } from '@embroider/vite';
 import { babel } from '@rollup/plugin-babel';
 
 export default defineConfig({
-  plugins: [
-    classicEmberSupport(),
-    ember(),
-    // extra plugins here
-    babel({
-      babelHelpers: 'runtime',
-      extensions,
-    }),
-  ],
+  plugins: [classicEmberSupport(), ember(), // extra plugins here
+  babel({
+    babelHelpers: 'runtime',
+    extensions,
+  }), tailwindcss()],
 });
"
`;
