// Vitest Snapshot v1

exports[`embroider > applying to an ember app > works via CLI 1`] = `
" ember-cli-build.js | 19 ++++++++++++++++++-
 package.json       |  5 ++++-
 2 files changed, 22 insertions(+), 2 deletions(-)"
`;

exports[`embroider > applying to an ember app > works via CLI 2`] = `
"diff --git a/ember-cli-build.js b/ember-cli-build.js
index 48e94e9..afcbef6 100644
--- a/ember-cli-build.js
+++ b/ember-cli-build.js
@@ -20,5 +20,22 @@ module.exports = function (defaults) {
   // please specify an object with the list of modules as keys
   // along with the exports of each module as its value.
 
-  return app.toTree();
+  const {
+    Webpack
+  } = require(\\"@embroider/webpack\\");
+
+  return require(\\"@embroider/compat\\").compatBuild(app, Webpack, {
+    // 
+    // staticAddonTestSupportTrees: true,
+    // staticAddonTrees: true,
+    // staticHelpers: true,
+    // staticModifiers: true,
+    // staticComponents: true,
+    // splitAtRoutes: ['route.name'], // can also be a RegExp
+    // packagerOptions: {
+    //    webpackConfig: { }
+    // }
+    // 
+    extraPublicTrees: []
+  });
 };

package.json
{
  \\"name\\": \\"test-app\\",
  \\"version\\": \\"0.0.0\\",
  \\"private\\": true,
  \\"description\\": \\"Small description for test-app goes here\\",
  \\"repository\\": \\"\\",
  \\"license\\": \\"MIT\\",
  \\"author\\": \\"\\",
  \\"directories\\": {
    \\"doc\\": \\"doc\\",
    \\"test\\": \\"tests\\"
  },
  \\"scripts\\": {
    \\"build\\": \\"ember build --environment=production\\",
    \\"lint\\": \\"npm-run-all --aggregate-output --continue-on-error --parallel \\\\\\"lint:!(fix)\\\\\\"\\",
    \\"lint:fix\\": \\"npm-run-all --aggregate-output --continue-on-error --parallel lint:*:fix\\",
    \\"lint:hbs\\": \\"ember-template-lint .\\",
    \\"lint:hbs:fix\\": \\"ember-template-lint . --fix\\",
    \\"lint:js\\": \\"eslint . --cache\\",
    \\"lint:js:fix\\": \\"eslint . --fix\\",
    \\"start\\": \\"ember serve\\",
    \\"test\\": \\"npm-run-all lint test:*\\",
    \\"test:ember\\": \\"ember test\\"
  },
  \\"devDependencies\\": [
    \\"@ember/optional-features\\",
    \\"@ember/test-helpers\\",
    \\"@glimmer/component\\",
    \\"@glimmer/tracking\\",
    \\"babel-eslint\\",
    \\"broccoli-asset-rev\\",
    \\"ember-auto-import\\",
    \\"ember-cli\\",
    \\"ember-cli-app-version\\",
    \\"ember-cli-babel\\",
    \\"ember-cli-dependency-checker\\",
    \\"ember-cli-htmlbars\\",
    \\"ember-cli-inject-live-reload\\",
    \\"ember-cli-sri\\",
    \\"ember-cli-terser\\",
    \\"ember-data\\",
    \\"ember-export-application-global\\",
    \\"ember-fetch\\",
    \\"ember-load-initializers\\",
    \\"ember-page-title\\",
    \\"ember-qunit\\",
    \\"ember-resolver\\",
    \\"ember-source\\",
    \\"ember-template-lint\\",
    \\"ember-welcome-page\\",
    \\"eslint\\",
    \\"eslint-config-prettier\\",
    \\"eslint-plugin-ember\\",
    \\"eslint-plugin-node\\",
    \\"eslint-plugin-prettier\\",
    \\"eslint-plugin-qunit\\",
    \\"loader.js\\",
    \\"npm-run-all\\",
    \\"prettier\\",
    \\"qunit\\",
    \\"qunit-dom\\",
    \\"webpack\\",
    \\"@embroider/core\\",
    \\"@embroider/compat\\",
    \\"@embroider/webpack\\"
  ],
  \\"engines\\": [
    \\"node\\"
  ],
  \\"ember\\": {
    \\"edition\\": \\"octane\\"
  }
}
"
`;
